
> temp-app@0.1.0 dev
> next dev

▲ Next.js 16.2.11 (Turbopack)
- Local:         http://localhost:3000
- Network:       http://192.168.56.1:3000
- Environments: .env.local
✓ Ready in 661ms
⚠ The "middleware" file convention is deprecated. Please use "proxy" instead. Learn more: https://nextjs.org/docs/messages/middleware-to-proxy

 GET /api/auth/csrf 200 in 1295ms (next.js: 1239ms, application-code: 56ms)
 POST /api/auth/callback/credentials 302 in 184ms (next.js: 20ms, application-code: 164ms)
 GET / 200 in 366ms (next.js: 152ms, application-code: 214ms)
 GET /api/auth/error?error=Configuration 500 in 95ms (next.js: 38ms, application-code: 57ms)
 GET /api/auth/error?error=Configuration 500 in 55ms (next.js: 30ms, application-code: 25ms)
 GET /login?role=manager 200 in 294ms (next.js: 84ms, application-code: 210ms)
[next-auth][error][JWT_SESSION_ERROR] 
https://next-auth.js.org/errors#jwt_session_error decryption operation failed {
  message: 'decryption operation failed',
  stack: 'JWEDecryptionFailed: decryption operation failed\n' +
    '    at gcmDecrypt (C:\\Users\\barat\\OneDrive\\Documents\\GitHub\\magma-autospa\\.next\\dev\\server\\chunks\\node_modules_jose_dist_node_cjs_1j9cyjs._.js:734:15)\n' +
    '    at decrypt (C:\\Users\\barat\\OneDrive\\Documents\\GitHub\\magma-autospa\\.next\\dev\\server\\chunks\\node_modules_jose_dist_node_cjs_1j9cyjs._.js:757:20)\n' +
    '    at flattenedDecrypt (C:\\Users\\barat\\OneDrive\\Documents\\GitHub\\magma-autospa\\.next\\dev\\server\\chunks\\node_modules_jose_dist_node_cjs_1j9cyjs._.js:2254:52)\n' +
    '    at async compactDecrypt (C:\\Users\\barat\\OneDrive\\Documents\\GitHub\\magma-autospa\\.next\\dev\\server\\chunks\\node_modules_jose_dist_node_cjs_1j9cyjs._.js:2308:23)\n' +
    '    at async jwtDecrypt (C:\\Users\\barat\\OneDrive\\Documents\\GitHub\\magma-autospa\\.next\\dev\\server\\chunks\\node_modules_jose_dist_node_cjs_1j9cyjs._.js:3770:23)\n' +
    '    at async Object.decode (C:\\Users\\barat\\OneDrive\\Documents\\GitHub\\magma-autospa\\.next\\dev\\server\\chunks\\node_modules_next-auth_07a7ldt._.js:726:25)\n' +
    '    at async Object.session (C:\\Users\\barat\\OneDrive\\Documents\\GitHub\\magma-autospa\\.next\\dev\\server\\chunks\\node_modules_next-auth_07a7ldt._.js:2047:34)\n' +
    '    at async AuthHandler (C:\\Users\\barat\\OneDrive\\Documents\\GitHub\\magma-autospa\\.next\\dev\\server\\chunks\\node_modules_next-auth_07a7ldt._.js:3193:37)\n' +
    '    at async NextAuthRouteHandler (C:\\Users\\barat\\OneDrive\\Documents\\GitHub\\magma-autospa\\.next\\dev\\server\\chunks\\node_modules_next-auth_07a7ldt._.js:3510:30)\n' +
    '    at async NextAuth._args$ (C:\\Users\\barat\\OneDrive\\Documents\\GitHub\\magma-autospa\\.next\\dev\\server\\chunks\\node_modules_next-auth_07a7ldt._.js:3545:24)\n' +
    '    at async AppRouteRouteModule.do (C:\\Users\\barat\\OneDrive\\Documents\\GitHub\\magma-autospa\\node_modules\\next\\dist\\compiled\\next-server\\app-route-turbo.runtime.dev.js:5:40255)\n' +
    '    at async AppRouteRouteModule.handle (C:\\Users\\barat\\OneDrive\\Documents\\GitHub\\magma-autospa\\node_modules\\next\\dist\\compiled\\next-server\\app-route-turbo.runtime.dev.js:5:47535)\n' +
    '    at async responseGenerator (C:\\Users\\barat\\OneDrive\\Documents\\GitHub\\magma-autospa\\.next\\dev\\server\\chunks\\node_modules_next_13fxsgo._.js:13886:38)\n' +
    '    at async AppRouteRouteModule.handleResponse (C:\\Users\\barat\\OneDrive\\Documents\\GitHub\\magma-autospa\\node_modules\\next\\dist\\compiled\\next-server\\app-route-turbo.runtime.dev.js:1:229143)\n' +
    '    at async handleResponse (C:\\Users\\barat\\OneDrive\\Documents\\GitHub\\magma-autospa\\.next\\dev\\server\\chunks\\node_modules_next_13fxsgo._.js:13949:32)\n' +
    '    at async Module.handler (C:\\Users\\barat\\OneDrive\\Documents\\GitHub\\magma-autospa\\.next\\dev\\server\\chunks\\node_modules_next_13fxsgo._.js:14003:13)\n' +
    '    at async DevServer.renderToResponseWithComponentsImpl (C:\\Users\\barat\\OneDrive\\Documents\\GitHub\\magma-autospa\\node_modules\\next\\dist\\server\\base-server.js:1462:9)\n' +
    '    at async DevServer.renderPageComponent (C:\\Users\\barat\\OneDrive\\Documents\\GitHub\\magma-autospa\\node_modules\\next\\dist\\server\\base-server.js:1514:24)\n' +
    '    at async DevServer.renderToResponseImpl (C:\\Users\\barat\\OneDrive\\Documents\\GitHub\\magma-autospa\\node_modules\\next\\dist\\server\\base-server.js:1564:32)\n' +
    '    at async DevServer.pipeImpl (C:\\Users\\barat\\OneDrive\\Documents\\GitHub\\magma-autospa\\node_modules\\next\\dist\\server\\base-server.js:1044:25)\n' +
    '    at async NextNodeServer.handleCatchallRenderRequest (C:\\Users\\barat\\OneDrive\\Documents\\GitHub\\magma-autospa\\node_modules\\next\\dist\\server\\next-server.js:338:17)\n' +
    '    at async DevServer.handleRequestImpl (C:\\Users\\barat\\OneDrive\\Documents\\GitHub\\magma-autospa\\node_modules\\next\\dist\\server\\base-server.js:935:17)\n' +
    '    at async C:\\Users\\barat\\OneDrive\\Documents\\GitHub\\magma-autospa\\node_modules\\next\\dist\\server\\dev\\next-dev-server.js:394:20\n' +
    '    at async Span.traceAsyncFn (C:\\Users\\barat\\OneDrive\\Documents\\GitHub\\magma-autospa\\node_modules\\next\\dist\\trace\\trace.js:164:20)\n' +
    '    at async DevServer.handleRequest (C:\\Users\\barat\\OneDrive\\Documents\\GitHub\\magma-autospa\\node_modules\\next\\dist\\server\\dev\\next-dev-server.js:390:24)\n' +
    '    at async invokeRender (C:\\Users\\barat\\OneDrive\\Documents\\GitHub\\magma-autospa\\node_modules\\next\\dist\\server\\lib\\router-server.js:266:21)\n' +
    '    at async handleRequest (C:\\Users\\barat\\OneDrive\\Documents\\GitHub\\magma-autospa\\node_modules\\next\\dist\\server\\lib\\router-server.js:465:24)\n' +
    '    at async requestHandlerImpl (C:\\Users\\barat\\OneDrive\\Documents\\GitHub\\magma-autospa\\node_modules\\next\\dist\\server\\lib\\router-server.js:514:13)\n' +
    '    at async Server.requestListener (C:\\Users\\barat\\OneDrive\\Documents\\GitHub\\magma-autospa\\node_modules\\next\\dist\\server\\lib\\start-server.js:225:13)',
  name: 'JWEDecryptionFailed'
}
 GET /api/auth/session 200 in 142ms (next.js: 61ms, application-code: 81ms)
 GET / 200 in 135ms (next.js: 23ms, application-code: 112ms)
